Image with src "/hero-couple.webp" is using quality "72" which is not configured in images.qualities [75]. Please update your config to [72, 75].
Read more: https://nextjs.org/docs/messages/next-image-unconfigured-qualities
⚠ Blocked cross-origin request to Next.js dev resource /_next/webpack-hmr from "127.0.0.1".
Cross-origin access to Next.js dev resources is blocked by default for safety.

To allow this host in development, add it to "allowedDevOrigins" in next.config.js and restart the dev server:

// next.config.js
module.exports = {
  allowedDevOrigins: ['127.0.0.1'],
}

Read more: https://nextjs.org/docs/app/api-reference/config/next-config-js/allowedDevOrigins
Image with src "/hero-couple.webp" is using quality "72" which is not configured in images.qualities [75]. Please update your config to [72, 75].
Read more: https://nextjs.org/docs/messages/next-image-unconfigured-qualities
Image with src "/hero-couple.webp" is using quality "72" which is not configured in images.qualities [75]. Please update your config to [72, 75].
Read more: https://nextjs.org/docs/messages/next-image-unconfigured-qualities
[browser] Image with src "/hero-couple.webp" is using quality "72" which is not configured in images.qualities [75]. Please update your config to [72, 75].
Read more: https://nextjs.org/docs/messages/next-image-unconfigured-qualities (file://C:/Users/User/Desktop/Dating App/connect-love-fronted/.next/dev/static/chunks/node_modules_next_dist_115brz8._.js:2477:13)
[browser] Detected `scroll-behavior: smooth` on the `<html>` element. To disable smooth scrolling during route transitions, add `data-scroll-behavior="smooth"` to your <html> element. Learn more: https://nextjs.org/docs/messages/missing-data-scroll-behavior (file://C:/Users/User/Desktop/Dating App/connect-love-fronted/.next/dev/static/chunks/node_modules_next_dist_115brz8._.js:2477:13)
[browser] Image with src "/hero-couple.webp" is using quality "72" which is not configured in images.qualities [75]. Please update your config to [72, 75].
Read more: https://nextjs.org/docs/messages/next-image-unconfigured-qualities (file://C:/Users/User/Desktop/Dating App/connect-love-fronted/.next/dev/static/chunks/node_modules_next_dist_115brz8._.js:2477:13)
[browser] Detected `scroll-behavior: smooth` on the `<html>` element. To disable smooth scrolling during route transitions, add `data-scroll-behavior="smooth"` to your <html> element. Learn more: https://nextjs.org/docs/messages/missing-data-scroll-behavior (file://C:/Users/User/Desktop/Dating App/connect-love-fronted/.next/dev/static/chunks/node_modules_next_dist_115brz8._.js:2477:13)
[browser] Detected `scroll-behavior: smooth` on the `<html>` element. To disable smooth scrolling during route transitions, add `data-scroll-behavior="smooth"` to your <html> element. Learn more: https://nextjs.org/docs/messages/missing-data-scroll-behavior (file://C:/Users/User/Desktop/Dating App/connect-love-fronted/.next/dev/static/chunks/node_modules_next_dist_115brz8._.js:2477:13)
Image with src "/hero-couple.webp" is using quality "72" which is not configured in images.qualities [75]. Please update your config to [72, 75].
Read more: https://nextjs.org/docs/messages/next-image-unconfigured-qualities
[browser] Image with src "/hero-couple.webp" is using quality "72" which is not configured in images.qualities [75]. Please update your config to [72, 75].
Read more: https://nextjs.org/docs/messages/next-image-unconfigured-qualities (file://C:/Users/User/Desktop/Dating App/connect-love-fronted/.next/dev/static/chunks/node_modules_next_dist_115brz8._.js:2477:13)
[browser] Detected `scroll-behavior: smooth` on the `<html>` element. To disable smooth scrolling during route transitions, add `data-scroll-behavior="smooth"` to your <html> element. Learn more: https://nextjs.org/docs/messages/missing-data-scroll-behavior (file://C:/Users/User/Desktop/Dating App/connect-love-fronted/.next/dev/static/chunks/node_modules_next_dist_115brz8._.js:2477:13)
[browser] Detected `scroll-behavior: smooth` on the `<html>` element. To disable smooth scrolling during route transitions, add `data-scroll-behavior="smooth"` to your <html> element. Learn more: https://nextjs.org/docs/messages/missing-data-scroll-behavior (file://C:/Users/User/Desktop/Dating App/connect-love-fronted/.next/dev/static/chunks/node_modules_next_dist_115brz8._.js:2477:13)
[browser] Detected `scroll-behavior: smooth` on the `<html>` element. To disable smooth scrolling during route transitions, add `data-scroll-behavior="smooth"` to your <html> element. Learn more: https://nextjs.org/docs/messages/missing-data-scroll-behavior (file://C:/Users/User/Desktop/Dating App/connect-love-fronted/.next/dev/static/chunks/node_modules_next_dist_115brz8._.js:2477:13)
Image with src "/hero-couple.webp" is using quality "72" which is not configured in images.qualities [75]. Please update your config to [72, 75].
Read more: https://nextjs.org/docs/messages/next-image-unconfigured-qualities
[browser] Image with src "/hero-couple.webp" is using quality "72" which is not configured in images.qualities [75]. Please update your config to [72, 75].
Read more: https://nextjs.org/docs/messages/next-image-unconfigured-qualities (file://C:/Users/User/Desktop/Dating App/connect-love-fronted/.next/dev/static/chunks/node_modules_next_dist_115brz8._.js:2477:13)
[browser] Image with src "/hero-couple.webp" is using quality "72" which is not configured in images.qualities [75]. Please update your config to [72, 75].
Read more: https://nextjs.org/docs/messages/next-image-unconfigured-qualities (file://C:/Users/User/Desktop/Dating App/connect-love-fronted/.next/dev/static/chunks/node_modules_next_dist_115brz8._.js:2477:13)
[browser] Uncaught Error: Internal Next.js error: Router action dispatched before initialization.
    at dispatchAppRouterAction (file://C:/Users/User/Desktop/Dating App/connect-love-fronted/.next/dev/static/chunks/node_modules_next_dist_client_0fhqo1d._.js:916:37)
    at <unknown> (file://C:/Users/User/Desktop/Dating App/connect-love-fronted/.next/dev/static/chunks/node_modules_next_dist_client_0fhqo1d._.js:11823:61)
    at startTransition (file://C:/Users/User/Desktop/Dating App/connect-love-fronted/.next/dev/static/chunks/node_modules_next_dist_compiled_0rpq4pf._.js:1279:31)
    at Object.hmrRefresh (file://C:/Users/User/Desktop/Dating App/connect-love-fronted/.next/dev/static/chunks/node_modules_next_dist_client_0fhqo1d._.js:11822:40)
    at <unknown> (file://C:/Users/User/Desktop/Dating App/connect-love-fronted/.next/dev/static/chunks/node_modules_next_dist_client_0fhqo1d._.js:13990:64)
    at startTransition (file://C:/Users/User/Desktop/Dating App/connect-love-fronted/.next/dev/static/chunks/node_modules_next_dist_compiled_0rpq4pf._.js:1279:31)
    at processMessage (file://C:/Users/User/Desktop/Dating App/connect-love-fronted/.next/dev/static/chunks/node_modules_next_dist_client_0fhqo1d._.js:13989:44)
    at WebSocket.handleMessage (file://C:/Users/User/Desktop/Dating App/connect-love-fronted/.next/dev/static/chunks/node_modules_next_dist_client_0fhqo1d._.js:13358:52)
Image with src "/hero-couple.webp" is using quality "72" which is not configured in images.qualities [75]. Please update your config to [72, 75].
Read more: https://nextjs.org/docs/messages/next-image-unconfigured-qualities
[browser] Image with src "/hero-couple.webp" is using quality "72" which is not configured in images.qualities [75]. Please update your config to [72, 75].
Read more: https://nextjs.org/docs/messages/next-image-unconfigured-qualities (file://C:/Users/User/Desktop/Dating App/connect-love-fronted/.next/dev/static/chunks/node_modules_next_dist_115brz8._.js:2477:13)
[browser] Image with src "/hero-couple.webp" is using quality "72" which is not configured in images.qualities [75]. Please update your config to [72, 75].
Read more: https://nextjs.org/docs/messages/next-image-unconfigured-qualities (file://C:/Users/User/Desktop/Dating App/connect-love-fronted/.next/dev/static/chunks/node_modules_next_dist_115brz8._.js:2477:13)
[browser] Image with src "/hero-couple.webp" is using quality "72" which is not configured in images.qualities [75]. Please update your config to [72, 75].
Read more: https://nextjs.org/docs/messages/next-image-unconfigured-qualities (file://C:/Users/User/Desktop/Dating App/connect-love-fronted/.next/dev/static/chunks/node_modules_next_dist_115brz8._.js:2477:13)
[browser] Image with src "/hero-couple.webp" is using quality "72" which is not configured in images.qualities [75]. Please update your config to [72, 75].
Read more: https://nextjs.org/docs/messages/next-image-unconfigured-qualities (file://C:/Users/User/Desktop/Dating App/connect-love-fronted/.next/dev/static/chunks/node_modules_next_dist_115brz8._.js:2477:13)
[browser] Detected `scroll-behavior: smooth` on the `<html>` element. To disable smooth scrolling during route transitions, add `data-scroll-behavior="smooth"` to your <html> element. Learn more: https://nextjs.org/docs/messages/missing-data-scroll-behavior (file://C:/Users/User/Desktop/Dating App/connect-love-fronted/.next/dev/static/chunks/node_modules_next_dist_115brz8._.js:2477:13)
[browser] Detected `scroll-behavior: smooth` on the `<html>` element. To disable smooth scrolling during route transitions, add `data-scroll-behavior="smooth"` to your <html> element. Learn more: https://nextjs.org/docs/messages/missing-data-scroll-behavior (file://C:/Users/User/Desktop/Dating App/connect-love-fronted/.next/dev/static/chunks/node_modules_next_dist_115brz8._.js:2477:13)
[browser] Failed to accept match TypeError: Failed to fetch
    at handleAcceptMatch (file://C:/Users/User/Desktop/Dating App/connect-love-fronted/.next/dev/static/chunks/src_0zb_bpv._.js:326:36)
    at onClick (file://C:/Users/User/Desktop/Dating App/connect-love-fronted/.next/dev/static/chunks/src_0zb_bpv._.js:1110:74)
    at executeDispatch (file://C:/Users/User/Desktop/Dating App/connect-love-fronted/.next/dev/static/chunks/node_modules_next_dist_compiled_react-dom_058-ah~._.js:10329:13)
    at runWithFiberInDEV (file://C:/Users/User/Desktop/Dating App/connect-love-fronted/.next/dev/static/chunks/node_modules_next_dist_compiled_react-dom_058-ah~._.js:965:74)
    at processDispatchQueue (file://C:/Users/User/Desktop/Dating App/connect-love-fronted/.next/dev/static/chunks/node_modules_next_dist_compiled_react-dom_058-ah~._.js:10355:41)
    at <unknown> (file://C:/Users/User/Desktop/Dating App/connect-love-fronted/.next/dev/static/chunks/node_modules_next_dist_compiled_react-dom_058-ah~._.js:10633:13)
    at batchedUpdates$1 (file://C:/Users/User/Desktop/Dating App/connect-love-fronted/.next/dev/static/chunks/node_modules_next_dist_compiled_react-dom_058-ah~._.js:2253:44)
    at dispatchEventForPluginEventSystem (file://C:/Users/User/Desktop/Dating App/connect-love-fronted/.next/dev/static/chunks/node_modules_next_dist_compiled_react-dom_058-ah~._.js:10431:9)
    at dispatchEvent (file://C:/Users/User/Desktop/Dating App/connect-love-fronted/.next/dev/static/chunks/node_modules_next_dist_compiled_react-dom_058-ah~._.js:13002:37)
    at dispatchDiscreteEvent (file://C:/Users/User/Desktop/Dating App/connect-love-fronted/.next/dev/static/chunks/node_modules_next_dist_compiled_react-dom_058-ah~._.js:12984:64) (file://C:/Users/User/Desktop/Dating App/connect-love-fronted/.next/dev/static/chunks/src_0zb_bpv._.js:345:21)
[browser] Image with src "/hero-couple.webp" is using quality "72" which is not configured in images.qualities [75]. Please update your config to [72, 75].
Read more: https://nextjs.org/docs/messages/next-image-unconfigured-qualities (file://C:/Users/User/Desktop/Dating App/connect-love-fronted/.next/dev/static/chunks/node_modules_next_dist_115brz8._.js:2477:13)
[browser] Image with src "/hero-couple.webp" is using quality "72" which is not configured in images.qualities [75]. Please update your config to [72, 75].
Read more: https://nextjs.org/docs/messages/next-image-unconfigured-qualities (file://C:/Users/User/Desktop/Dating App/connect-love-fronted/.next/dev/static/chunks/node_modules_next_dist_115brz8._.js:2477:13)
[browser] Detected `scroll-behavior: smooth` on the `<html>` element. To disable smooth scrolling during route transitions, add `data-scroll-behavior="smooth"` to your <html> element. Learn more: https://nextjs.org/docs/messages/missing-data-scroll-behavior (file://C:/Users/User/Desktop/Dating App/connect-love-fronted/.next/dev/static/chunks/node_modules_next_dist_115brz8._.js:2477:13)
